"npm" non Š riconosciuto come comando interno o esterno,
 un programma eseguibile o un file batch.
